aopz pz h alza